<?xml version="1.0" encoding="UTF-8"?>
<TestRun id="0d6050b5-ebb5-4e94-869a-bccbc5b9292e" name="Lalu@YAZIKRI 2013-10-07 21:52:54" runUser="YAZIKRI\Lalu" xmlns="http://microsoft.com/schemas/VisualStudio/TeamTest/2010">
  <TestSettings name="Local" id="247cd5b3-0115-472f-934d-ce94748d0122">
    <Description>These are default test settings for a local test run.</Description>
    <Deployment enabled="false" runDeploymentRoot="Lalu_YAZIKRI 2013-10-07 21_52_54">
      <DeploymentItem filename="c:\users\lalu\documents\visual studio 2010\Projects\Intersection\Intersection\bin\Debug\Intersection.dll" />
    </Deployment>
    <Execution>
      <TestTypeSpecific />
      <AgentRule name="Execution Agents">
      </AgentRule>
    </Execution>
  </TestSettings>
  <Times creation="2013-10-07T21:52:54.7101669+10:00" queuing="2013-10-07T21:52:55.4987073+10:00" start="2013-10-07T21:52:56.1828784+10:00" finish="2013-10-07T21:52:59.2614145+10:00" />
  <ResultSummary outcome="Failed">
    <Counters total="1" executed="1" error="0" failed="1" timeout="0" aborted="0" inconclusive="0" passedButRunAborted="0" notRunnable="0" notExecuted="0" disconnected="0" warning="0" passed="0" completed="0" inProgress="0" pending="0" />
  </ResultSummary>
  <TestDefinitions>
    <UnitTest name="GetIntersectionTest" storage="c:\users\lalu\documents\visual studio 2010\projects\intersection\intersection.test\bin\debug\intersection.test.dll" id="50db4249-b1dd-b0fa-c1d7-102505aa767e">
      <Execution id="f9ceb807-108a-4cf9-96be-36c8b589d381" />
      <TestMethod codeBase="c:/users/lalu/documents/visual studio 2010/Projects/Intersection/Intersection.Test/bin/Debug/Intersection.Test.DLL" adapterTypeName="Microsoft.VisualStudio.TestTools.TestTypes.Unit.UnitTestAdapter, Microsoft.VisualStudio.QualityTools.Tips.UnitTest.Adapter, Version=10.0.0.0, Culture=neutral, PublicKeyToken=b03f5f7f11d50a3a" className="Intersection.Test.CastingListTest, Intersection.Test, Version=1.0.0.0, Culture=neutral, PublicKeyToken=null" name="GetIntersectionTest" />
    </UnitTest>
  </TestDefinitions>
  <TestLists>
    <TestList name="Results Not in a List" id="8c84fa94-04c1-424b-9868-57a2d4851a1d" />
    <TestList name="All Loaded Results" id="19431567-8539-422a-85d7-44ee4e166bda" />
  </TestLists>
  <TestEntries>
    <TestEntry testId="50db4249-b1dd-b0fa-c1d7-102505aa767e" executionId="f9ceb807-108a-4cf9-96be-36c8b589d381" testListId="8c84fa94-04c1-424b-9868-57a2d4851a1d" />
  </TestEntries>
  <Results>
    <UnitTestResult executionId="f9ceb807-108a-4cf9-96be-36c8b589d381" testId="50db4249-b1dd-b0fa-c1d7-102505aa767e" testName="GetIntersectionTest" computerName="YAZIKRI" duration="00:00:00.5548306" startTime="2013-10-07T21:52:56.4072742+10:00" endTime="2013-10-07T21:52:59.0153808+10:00" testType="13cdc9d9-ddb5-4fa4-a97d-d965ccfc6d4b" outcome="Failed" testListId="8c84fa94-04c1-424b-9868-57a2d4851a1d" relativeResultsDirectory="f9ceb807-108a-4cf9-96be-36c8b589d381">
      <Output>
        <ErrorInfo>
          <Message>Assert.AreEqual failed. Expected:&lt;Centrifugal Casting&gt;. Actual:&lt;CoInjection&gt;. </Message>
          <StackTrace>   at Intersection.Test.CastingListTest.GetIntersectionTest() in c:\users\lalu\documents\visual studio 2010\Projects\Intersection\Intersection.Test\CastingListTest.cs:line 105
</StackTrace>
        </ErrorInfo>
      </Output>
    </UnitTestResult>
  </Results>
</TestRun>